debutProg()
tra(11)
reserver(2)
empilerAd(0)
valeurPile()
put()
empilerAd(1)
valeurPile()
put()
retourProc()
reserver(3)
reserverBloc()
empiler(3)
empiler(4)
traStat(3,2)
empiler(0)
get()
empiler(1)
empiler(0)
valeurPile()
empiler(1)
add()
affectation()
empiler(1)
valeurPile()
put()
finProg()