debutProg()
tra(11)
empilerParam(1)
empilerParam(1)
valeurPile()
empilerAd(0)
valeurPile()
add()
affectation()
retourProc()
reserver(1)
empiler(0)
empiler(5)
affectation()
reserverBloc()
empiler(2)
empiler(0)
valeurPile()
traStat(3,2)
finProg()