debutProg()
tra(21)
empilerAd(0)
valeurPile()
empiler(0)
egal()
tze(11)
empiler(1)
retourFonct()
tra(21)
empilerAd(0)
valeurPile()
reserverBloc()
empilerAd(0)
valeurPile()
empiler(1)
sous()
traStat(3,1)
mult()
retourFonct()
reserverBloc()
empiler(3)
traStat(3,1)
put()
finProg()