debutProg()
reserver(2)
empiler(1)
get()
empiler(0)
empiler(1)
valeurPile()
empiler(23)
infeg()
affectation()
empiler(0)
valeurPile()
empiler(1)
valeurPile()
empiler(2)
sup()
et()
tze(38)
empiler(0)
empiler(0)
valeurPile()
non()
empiler(1)
valeurPile()
empiler(20)
egal()
ou()
affectation()
empiler(0)
valeurPile()
tze(37)
empiler(1)
valeurPile()
empiler(3)
mult()
put()
tra(41)
empiler(34)
moins()
put()
finProg()