debutProg()
reserver(1)
empiler(0)
empiler(1)
affectation()
empiler(0)
valeurPile()
empiler(0)
egal()
tze(14)
empiler(0)
put()
tra(16)
empiler(1)
put()
finProg()